\BOOKMARK [0][-]{chapter*.2}{\376\377\000G\000i\036\333\000i\000\040\000t\000h\000i\036\307\000u\000\040\000t\036\325\000n\000g\000\040\000q\000u\000a\000n}{}% 1
\BOOKMARK [0][-]{chapter.1}{\376\377\000L\000\375\000\040\000t\000h\000u\000y\036\277\000t\000\040\000v\036\301\000\040\000h\000\340\000m\000\040\000c\036\347\000a\000\040\000m\000a\000\040\000t\000r\036\255\000n}{}% 2
\BOOKMARK [1][-]{section.1.1}{\376\377\000P\000h\001\260\001\241\000n\000g\000\040\000p\000h\000\341\000p\000\040\000t\000r\036\313\000\040\000r\000i\000\352\000n\000g\000\040\000\050\000E\000i\000g\000e\000n\000v\000a\000l\000u\000e\000\040\000M\000e\000t\000h\000o\000d\000s\000\051}{chapter.1}% 3
\BOOKMARK [2][-]{subsection.1.1.1}{\376\377\001\020\036\313\000n\000h\000\040\000n\000g\000h\001\051\000a\000\040\000h\000\340\000m\000\040\000m\000a\000\040\000t\000r\036\255\000n\000\040\000q\000u\000a\000\040\000d\036\241\000n\000g\000\040\000J\000o\000r\000d\000a\000n}{section.1.1}% 4
\BOOKMARK [2][-]{subsection.1.1.2}{\376\377\000P\000h\001\260\001\241\000n\000g\000\040\000p\000h\000\341\000p\000\040\000v\000e\000c\000t\000o\000r\000\040\000r\000i\000\352\000n\000g\000\040\000\050\000E\000i\000g\000e\000n\000v\000e\000c\000t\000o\000r\000\040\000A\000p\000p\000r\000o\000a\000c\000h\000\051}{section.1.1}% 5
\BOOKMARK [2][-]{subsection.1.1.3}{\376\377\000P\000h\001\260\001\241\000n\000g\000\040\000p\000h\000\341\000p\000\040\000p\000h\000\342\000n\000\040\000t\000\355\000c\000h\000\040\000S\000c\000h\000u\000r}{section.1.1}% 6
\BOOKMARK [2][-]{subsection.1.1.4}{\376\377\001\020\036\331\000\040\000n\000h\036\241\000y\000\040\000c\036\347\000a\000\040\000h\000\340\000m\000\040\000m\000a\000\040\000t\000r\036\255\000n}{section.1.1}% 7
\BOOKMARK [2][-]{subsection.1.1.5}{\376\377\000M\000\343\000\040\000n\000g\000u\036\323\000n\000\040\000P\000y\000t\000h\000o\000n\000\040\000m\000i\000n\000h\000\040\000h\036\315\000a}{section.1.1}% 8
\BOOKMARK [1][-]{section.1.2}{\376\377\000P\000h\001\260\001\241\000n\000g\000\040\000p\000h\000\341\000p\000\040\000x\036\245\000p\000\040\000x\036\311\000\040\000\050\000A\000p\000p\000r\000o\000x\000i\000m\000a\000t\000i\000o\000n\000\040\000M\000e\000t\000h\000o\000d\000s\000\051}{chapter.1}% 9
\BOOKMARK [2][-]{subsection.1.2.1}{\376\377\000C\000h\036\267\000n\000\040\000s\000a\000i\000\040\000s\036\321\000:\000\040\000P\000h\000\342\000n\000\040\000t\000\355\000c\000h\000\040\000J\000o\000r\000d\000a\000n}{section.1.2}% 10
\BOOKMARK [2][-]{subsection.1.2.2}{\376\377\000C\000h\036\267\000n\000\040\000s\000a\000i\000\040\000s\036\321\000:\000\040\000P\000h\000\342\000n\000\040\000t\000\355\000c\000h\000\040\000S\000c\000h\000u\000r}{section.1.2}% 11
\BOOKMARK [2][-]{subsection.1.2.3}{\376\377\000X\036\245\000p\000\040\000x\036\311\000\040\000b\036\261\000n\000g\000\040\000c\000h\000u\036\327\000i\000\040\000T\000a\000y\000l\000o\000r\000\040\000c\036\257\000t\000\040\000c\036\345\000t}{section.1.2}% 12
\BOOKMARK [2][-]{subsection.1.2.4}{\376\377\000T\000\355\000n\000h\000\040\001\021\000a\000\040\000t\000h\036\351\000c\000\040\000m\000a\000\040\000t\000r\036\255\000n\000\040\000h\000i\036\307\000u\000\040\000q\000u\036\243}{section.1.2}% 13
\BOOKMARK [2][-]{subsection.1.2.5}{\376\377\000L\001\151\000y\000\040\000t\000h\036\353\000a\000\040\000m\000a\000\040\000t\000r\036\255\000n\000\040\000n\000h\036\313\000\040\000p\000h\000\342\000n\000\040\000\050\000B\000i\000n\000a\000r\000y\000\040\000P\000o\000w\000e\000r\000i\000n\000g\000\051}{section.1.2}% 14
\BOOKMARK [2][-]{subsection.1.2.6}{\376\377\000T\000\355\000c\000h\000\040\000p\000h\000\342\000n\000\040\000h\000\340\000m\000\040\000m\000a\000\040\000t\000r\036\255\000n}{section.1.2}% 15
\BOOKMARK [2][-]{subsection.1.2.7}{\376\377\000B\000i\036\303\000u\000\040\000d\000i\036\305\000n\000\040\000t\000\355\000c\000h\000\040\000p\000h\000\342\000n\000\040\000C\000a\000u\000c\000h\000y}{section.1.2}% 16
\BOOKMARK [2][-]{subsection.1.2.8}{\376\377\000M\000\343\000\040\000n\000g\000u\036\323\000n\000\040\000P\000y\000t\000h\000o\000n\000\040\000m\000i\000n\000h\000\040\000h\036\315\000a}{section.1.2}% 17
\BOOKMARK [1][-]{section.1.3}{\376\377\000H\000\340\000m\000\040\000m\001\151\000\040\000m\000a\000\040\000t\000r\036\255\000n\000\040\000\050\000T\000h\000e\000\040\000M\000a\000t\000r\000i\000x\000\040\000E\000x\000p\000o\000n\000e\000n\000t\000i\000a\000l\000\051}{chapter.1}% 18
\BOOKMARK [2][-]{subsection.1.3.1}{\376\377\000P\000h\001\260\001\241\000n\000g\000\040\000p\000h\000\341\000p\000\040\000x\036\245\000p\000\040\000x\036\311\000\040\000P\000a\000d\000\351\000\040\000k\036\277\000t\000\040\000h\036\343\000p\000\040\000S\000c\000a\000l\000i\000n\000g\000\040\000a\000n\000d\000\040\000S\000q\000u\000a\000r\000i\000n\000g}{section.1.3}% 19
\BOOKMARK [2][-]{subsection.1.3.2}{\376\377\000T\036\321\000i\000\040\001\260\000u\000\040\000h\000\363\000a\000\040\000t\000\355\000n\000h\000\040\001\021\000a\000\040\000t\000h\036\351\000c\000\040\000P\000a\000d\000\351}{section.1.3}% 20
\BOOKMARK [2][-]{subsection.1.3.3}{\376\377\000L\000\375\000\040\000t\000h\000u\000y\036\277\000t\000\040\000n\000h\000i\036\305\000u\000\040\000l\000o\036\241\000n\000\040\000c\036\347\000a\000\040\000h\000\340\000m\000\040\000m\001\151\000\040\000m\000a\000\040\000t\000r\036\255\000n}{section.1.3}% 21
\BOOKMARK [2][-]{subsection.1.3.4}{\376\377\000p\000s\000e\000u\000d\000o\000s\000p\000e\000c\000t\000r\000a\000\040\000v\000\340\000\040\000h\000\340\000n\000h\000\040\000v\000i\000\040\000q\000u\000\341\000\040\001\021\036\331}{section.1.3}% 22
\BOOKMARK [2][-]{subsection.1.3.5}{\376\377\000P\000h\000\342\000n\000\040\000t\000\355\000c\000h\000\040\036\325\000n\000\040\001\021\036\313\000n\000h\000\040\000c\036\347\000a\000\040\000t\000h\000u\036\255\000t\000\040\000t\000o\000\341\000n\000\040\000S\000c\000a\000l\000i\000n\000g\000\040\000a\000n\000d\000\040\000S\000q\000u\000a\000r\000i\000n\000g}{section.1.3}% 23
\BOOKMARK [2][-]{subsection.1.3.6}{\376\377\000M\000\343\000\040\000n\000g\000u\036\323\000n\000\040\000P\000y\000t\000h\000o\000n\000\040\000m\000i\000n\000h\000\040\000h\036\315\000a}{section.1.3}% 24
\BOOKMARK [1][-]{section.1.4}{\376\377\000H\000\340\000m\000\040\000d\036\245\000u\000,\000\040\000c\001\003\000n\000\040\000b\036\255\000c\000\040\000h\000a\000i\000\040\000v\000\340\000\040\000l\000o\000g\000a\000r\000i\000t\000\040\000m\000a\000\040\000t\000r\036\255\000n}{chapter.1}% 25
\BOOKMARK [2][-]{subsection.1.4.1}{\376\377\000H\000\340\000m\000\040\000d\036\245\000u\000\040\000m\000a\000\040\000t\000r\036\255\000n\000\040\000\050\000M\000a\000t\000r\000i\000x\000\040\000S\000i\000g\000n\000\040\000F\000u\000n\000c\000t\000i\000o\000n\000\051}{section.1.4}% 26
\BOOKMARK [2][-]{subsection.1.4.2}{\376\377\000C\001\003\000n\000\040\000b\036\255\000c\000\040\000h\000a\000i\000\040\000m\000a\000\040\000t\000r\036\255\000n\000\040\000\050\000M\000a\000t\000r\000i\000x\000\040\000S\000q\000u\000a\000r\000e\000\040\000R\000o\000o\000t\000\051}{section.1.4}% 27
\BOOKMARK [2][-]{subsection.1.4.3}{\376\377\000P\000h\000\342\000n\000\040\000t\000\355\000c\000h\000\040\000c\036\361\000c\000\040\000\050\000P\000o\000l\000a\000r\000\040\000D\000e\000c\000o\000m\000p\000o\000s\000i\000t\000i\000o\000n\000\051}{section.1.4}% 28
\BOOKMARK [2][-]{subsection.1.4.4}{\376\377\000L\000o\000g\000a\000r\000i\000t\000\040\000m\000a\000\040\000t\000r\036\255\000n\000\040\000\050\000M\000a\000t\000r\000i\000x\000\040\000L\000o\000g\000a\000r\000i\000t\000h\000m\000\051}{section.1.4}% 29
\BOOKMARK [2][-]{subsection.1.4.5}{\376\377\000M\000\343\000\040\000n\000g\000u\036\323\000n\000\040\000P\000y\000t\000h\000o\000n\000\040\000m\000i\000n\000h\000\040\000h\036\315\000a}{section.1.4}% 30
\BOOKMARK [0][-]{chapter.2}{\376\377\000T\000r\000i\036\303\000n\000\040\000k\000h\000a\000i\000\040\000t\000h\036\361\000c\000\040\000n\000g\000h\000i\036\307\000m}{}% 31
\BOOKMARK [1][-]{section.2.1}{\376\377\000M\000\364\000i\000\040\000t\000r\001\260\036\335\000n\000g\000\040\000v\000\340\000\040\000t\000h\000i\036\277\000t\000\040\000l\036\255\000p\000\040\000t\000h\036\361\000c\000\040\000n\000g\000h\000i\036\307\000m}{chapter.2}% 32
\BOOKMARK [2][-]{subsection.2.1.1}{\376\377\000Y\000\352\000u\000\040\000c\036\247\000u\000\040\000t\000h\001\260\000\040\000v\000i\036\307\000n}{section.2.1}% 33
\BOOKMARK [2][-]{subsection.2.1.2}{\376\377\000C\000\341\000c\000\040\000m\000a\000\040\000t\000r\036\255\000n\000\040\000t\000h\036\355\000\040\000n\000g\000h\000i\036\307\000m\000\040\000c\000h\000u\036\251\000n}{section.2.1}% 34
\BOOKMARK [1][-]{section.2.2}{\376\377\000T\000h\036\361\000c\000\040\000n\000g\000h\000i\036\307\000m\000\040\0001\000:\000\040\000P\000h\001\260\001\241\000n\000g\000\040\000p\000h\000\341\000p\000\040\000t\000r\036\313\000\040\000r\000i\000\352\000n\000g\000\040\000v\000\340\000\040\000S\000c\000h\000u\000r\000-\000P\000a\000r\000l\000e\000t\000t}{chapter.2}% 35
\BOOKMARK [1][-]{section.2.3}{\376\377\000T\000h\036\361\000c\000\040\000n\000g\000h\000i\036\307\000m\000\040\0002\000:\000\040\000P\000h\001\260\001\241\000n\000g\000\040\000p\000h\000\341\000p\000\040\000x\036\245\000p\000\040\000x\036\311\000\040\040\023\000\040\000T\000a\000y\000l\000o\000r\000\040\000v\000\340\000\040\036\243\000n\000h\000\040\000h\001\260\036\337\000n\000g\000\040\000c\036\347\000a\000\040\000h\036\347\000y\000\040\000s\036\321}{chapter.2}% 36
\BOOKMARK [1][-]{section.2.4}{\376\377\000T\000h\036\361\000c\000\040\000n\000g\000h\000i\036\307\000m\000\040\0003\000:\000\040\000S\000c\000a\000l\000i\000n\000g\000\040\000a\000n\000d\000\040\000S\000q\000u\000a\000r\000i\000n\000g\000\040\040\023\000\040\000p\000h\000\342\000n\000\040\000t\000\355\000c\000h\000\040\000h\000i\036\307\000u\000\040\000n\001\003\000n\000g\000\040\000t\000h\000e\000o\000\040\000k\000\355\000c\000h\000\040\000t\000h\001\260\036\333\000c}{chapter.2}% 37
\BOOKMARK [1][-]{section.2.5}{\376\377\000T\000h\036\361\000c\000\040\000n\000g\000h\000i\036\307\000m\000\040\0004\000:\000\040\000H\000\340\000m\000\040\000d\036\245\000u\000,\000\040\000c\001\003\000n\000\040\000b\036\255\000c\000\040\000h\000a\000i\000\040\000v\000\340\000\040\000l\000o\000g\000a\000r\000i\000t\000\040\040\023\000\040\000h\036\331\000i\000\040\000t\036\345\000\040\000v\000\340\000\040\001\021\036\331\000\040\000c\000h\000\355\000n\000h\000\040\000x\000\341\000c}{chapter.2}% 38
\BOOKMARK [1][-]{section.2.6}{\376\377\000T\036\325\000n\000g\000\040\000h\036\343\000p\000\040\000v\000\340\000\040\000n\000h\036\255\000n\000\040\000x\000\351\000t\000\040\000k\036\277\000t\000\040\000q\000u\036\243}{chapter.2}% 39
\BOOKMARK [2][-]{subsection.2.6.1}{\376\377\000S\000o\000\040\000s\000\341\000n\000h\000\040\000t\036\325\000n\000g\000\040\000q\000u\000a\000n\000\040\000c\000\341\000c\000\040\000p\000h\001\260\001\241\000n\000g\000\040\000p\000h\000\341\000p}{section.2.6}% 40
\BOOKMARK [2][-]{subsection.2.6.2}{\376\377\000T\036\325\000n\000g\000\040\000k\036\277\000t}{section.2.6}% 41
\BOOKMARK [0][-]{chapter*.3}{\376\377\000T\000\340\000i\000\040\000l\000i\036\307\000u\000\040\000t\000h\000a\000m\000\040\000k\000h\036\243\000o}{}% 42
